2026-08-13 09:02:39 +00:00:    ▲ Next.js 15.5.23
2026-08-13 09:02:39 +00:00:    - Local:        http://localhost:6001
2026-08-13 09:02:39 +00:00:    - Network:      http://31.97.224.169:6001
2026-08-13 09:02:39 +00:00: 
2026-08-13 09:02:39 +00:00:  ✓ Starting...
2026-08-13 09:02:39 +00:00:  ✓ Ready in 284ms
2026-08-13 09:25:02 +00:00:    ▲ Next.js 15.5.23
2026-08-13 09:25:02 +00:00:    - Local:        http://localhost:6001
2026-08-13 09:25:02 +00:00:    - Network:      http://31.97.224.169:6001
2026-08-13 09:25:02 +00:00: 
2026-08-13 09:25:02 +00:00:  ✓ Starting...
2026-08-13 09:25:03 +00:00:  ✓ Ready in 337ms
2026-08-13 09:31:05 +00:00:    ▲ Next.js 15.5.23
2026-08-13 09:31:05 +00:00:    - Local:        http://localhost:6001
2026-08-13 09:31:05 +00:00:    - Network:      http://31.97.224.169:6001
2026-08-13 09:31:05 +00:00: 
2026-08-13 09:31:05 +00:00:  ✓ Starting...
2026-08-13 09:31:05 +00:00:  ✓ Ready in 315ms
2026-08-13 09:44:01 +00:00:    ▲ Next.js 15.5.23
2026-08-13 09:44:01 +00:00:    - Local:        http://localhost:6001
2026-08-13 09:44:01 +00:00:    - Network:      http://31.97.224.169:6001
2026-08-13 09:44:01 +00:00: 
2026-08-13 09:44:01 +00:00:  ✓ Starting...
2026-08-13 09:44:01 +00:00:  ✓ Ready in 348ms
2026-08-13 09:58:25 +00:00:    ▲ Next.js 15.5.23
2026-08-13 09:58:25 +00:00:    - Local:        http://localhost:6001
2026-08-13 09:58:25 +00:00:    - Network:      http://31.97.224.169:6001
2026-08-13 09:58:25 +00:00: 
2026-08-13 09:58:25 +00:00:  ✓ Starting...
2026-08-13 09:58:25 +00:00:  ✓ Ready in 391ms
2026-08-13 11:10:07 +00:00:    ▲ Next.js 15.5.23
2026-08-13 11:10:07 +00:00:    - Local:        http://localhost:6001
2026-08-13 11:10:07 +00:00:    - Network:      http://31.97.224.169:6001
2026-08-13 11:10:07 +00:00: 
2026-08-13 11:10:07 +00:00:  ✓ Starting...
2026-08-13 11:10:07 +00:00:  ✓ Ready in 288ms
2026-08-13 11:16:50 +00:00:    ▲ Next.js 15.5.23
2026-08-13 11:16:50 +00:00:    - Local:        http://localhost:6001
2026-08-13 11:16:50 +00:00:    - Network:      http://31.97.224.169:6001
2026-08-13 11:16:50 +00:00: 
2026-08-13 11:16:50 +00:00:  ✓ Starting...
2026-08-13 11:16:51 +00:00:  ✓ Ready in 298ms
2026-08-13 11:25:22 +00:00:    ▲ Next.js 15.5.23
2026-08-13 11:25:22 +00:00:    - Local:        http://localhost:6001
2026-08-13 11:25:22 +00:00:    - Network:      http://31.97.224.169:6001
2026-08-13 11:25:22 +00:00: 
2026-08-13 11:25:22 +00:00:  ✓ Starting...
2026-08-13 11:25:22 +00:00:  ✓ Ready in 349ms
2026-08-13 11:39:29 +00:00:    ▲ Next.js 15.5.23
2026-08-13 11:39:29 +00:00:    - Local:        http://localhost:6001
2026-08-13 11:39:29 +00:00:    - Network:      http://31.97.224.169:6001
2026-08-13 11:39:29 +00:00: 
2026-08-13 11:39:29 +00:00:  ✓ Starting...
2026-08-13 11:39:29 +00:00:  ✓ Ready in 376ms
2026-08-13 11:55:24 +00:00:    ▲ Next.js 15.5.23
2026-08-13 11:55:24 +00:00:    - Local:        http://localhost:6001
2026-08-13 11:55:24 +00:00:    - Network:      http://31.97.224.169:6001
2026-08-13 11:55:24 +00:00: 
2026-08-13 11:55:24 +00:00:  ✓ Starting...
2026-08-13 11:55:25 +00:00:  ✓ Ready in 294ms
2026-08-14 08:08:34 +00:00:    ▲ Next.js 15.5.23
2026-08-14 08:08:34 +00:00:    - Local:        http://localhost:6001
2026-08-14 08:08:34 +00:00:    - Network:      http://31.97.224.169:6001
2026-08-14 08:08:34 +00:00: 
2026-08-14 08:08:34 +00:00:  ✓ Starting...
2026-08-14 08:08:35 +00:00:  ✓ Ready in 814ms
2026-08-17 05:52:12 +00:00:    ▲ Next.js 15.5.23
2026-08-17 05:52:12 +00:00:    - Local:        http://localhost:6001
2026-08-17 05:52:12 +00:00:    - Network:      http://31.97.224.169:6001
2026-08-17 05:52:12 +00:00: 
2026-08-17 05:52:12 +00:00:  ✓ Starting...
2026-08-17 05:52:13 +00:00:  ✓ Ready in 1078ms
2026-08-17 17:05:24 +00:00:    ▲ Next.js 15.5.23
2026-08-17 17:05:24 +00:00:    - Local:        http://localhost:6001
2026-08-17 17:05:24 +00:00:    - Network:      http://31.97.224.169:6001
2026-08-17 17:05:24 +00:00: 
2026-08-17 17:05:24 +00:00:  ✓ Starting...
2026-08-17 17:05:24 +00:00:  ✓ Ready in 696ms
